{
  "errors": [],
  "warnings": [],
  "metafile": {
    "inputs": {
      "html-entry:test/input/pages/simple.html": {
        "bytes": 217,
        "imports": [
          {
            "path": "test/input/stylesheets/from-html-without-asset.css",
            "kind": "import-statement",
            "original": "../stylesheets/from-html-without-asset.css"
          },
          {
            "path": "test/input/scripts/with-none.js",
            "kind": "import-statement",
            "original": "../scripts/with-none.js"
          }
        ]
      },
      "html-entry:test/input/pages/simple-2.html": {
        "bytes": 219,
        "imports": [
          {
            "path": "test/input/stylesheets/from-html-without-asset.css",
            "kind": "import-statement",
            "original": "../stylesheets/from-html-without-asset.css"
          },
          {
            "path": "test/input/scripts/with-none.js",
            "kind": "import-statement",
            "original": "../scripts/with-none.js"
          }
        ]
      },
      "test/input/scripts/with-none.js": {
        "bytes": 37,
        "imports": [],
        "format": "esm"
      },
      "test/input/stylesheets/from-html-without-asset.css": {
        "bytes": 35,
        "imports": []
      }
    },
    "outputs": {
      "test/output/actual/entrypoints/objects/entries/custom-outname.html": {
        "imports": [],
        "exports": [],
        "inputs": {
          "html-entry:test/input/pages/simple.html": {
            "bytesInOutput": 195
          }
        },
        "bytes": 195,
        "entryPoint": "html-entry:test/input/pages/simple.html"
      },
      "test/output/actual/entrypoints/objects/entries/nested/custom/outdir/custom-outname.html": {
        "imports": [],
        "exports": [],
        "inputs": {
          "html-entry:test/input/pages/simple-2.html": {
            "bytesInOutput": 215
          }
        },
        "bytes": 215,
        "entryPoint": "html-entry:test/input/pages/simple-2.html"
      },
      "test/output/actual/entrypoints/objects/from-html-without-asset.css": {
        "imports": [],
        "inputs": {
          "test/input/stylesheets/from-html-without-asset.css": {
            "bytesInOutput": 35
          }
        },
        "bytes": 92
      },
      "test/output/actual/entrypoints/objects/with-none.js": {
        "imports": [],
        "exports": [],
        "inputs": {
          "test/input/scripts/with-none.js": {
            "bytesInOutput": 39
          }
        },
        "bytes": 105
      }
    }
  }
}