{
  "errors": [],
  "warnings": [],
  "metafile": {
    "inputs": {
      "pages/page.html": {
        "bytes": 204,
        "imports": [
          {
            "path": "stylesheets/with-asset.css",
            "kind": "import-statement",
            "original": "../stylesheets/with-asset.css"
          },
          {
            "path": "scripts/with-both.js",
            "kind": "import-statement",
            "original": "../scripts/with-both.js"
          }
        ]
      },
      "pages/nested/nested-page.html": {
        "bytes": 364,
        "imports": [
          {
            "path": "stylesheets/nested/nested-with-asset.css",
            "kind": "import-statement",
            "original": "../../stylesheets/nested/nested-with-asset.css"
          },
          {
            "path": "scripts/nested/nested-with-both.js",
            "kind": "import-statement",
            "original": "../../scripts/nested/nested-with-both.js"
          },
          {
            "path": "stylesheets/with-asset.css",
            "kind": "import-statement",
            "original": "../../stylesheets/with-asset.css"
          },
          {
            "path": "scripts/with-both.js",
            "kind": "import-statement",
            "original": "../../scripts/with-both.js"
          }
        ]
      },
      "images/from-html-css.gif": {
        "bytes": 12,
        "imports": []
      },
      "images/from-js-css.gif": {
        "bytes": 12,
        "imports": []
      },
      "scripts/nested/nested-with-both.js": {
        "bytes": 142,
        "imports": [
          {
            "path": "stylesheets/nested/nested-from-js.css",
            "kind": "import-statement",
            "original": "../../stylesheets/nested/nested-from-js.css"
          },
          {
            "path": "scripts/sub.js",
            "kind": "import-statement",
            "original": "../sub.js"
          }
        ],
        "format": "esm"
      },
      "scripts/sub.js": {
        "bytes": 67,
        "imports": [],
        "format": "esm"
      },
      "scripts/with-both.js": {
        "bytes": 110,
        "imports": [
          {
            "path": "stylesheets/from-js.css",
            "kind": "import-statement",
            "original": "../stylesheets/from-js.css"
          },
          {
            "path": "scripts/sub.js",
            "kind": "import-statement",
            "original": "./sub.js"
          }
        ],
        "format": "esm"
      },
      "stylesheets/from-js.css": {
        "bytes": 98,
        "imports": [
          {
            "path": "images/from-js-css.gif",
            "kind": "url-token",
            "original": "../images/from-js-css.gif"
          }
        ]
      },
      "stylesheets/nested/nested-from-js.css": {
        "bytes": 94,
        "imports": [
          {
            "path": "images/from-js-css.gif",
            "kind": "url-token",
            "original": "../../images/from-js-css.gif"
          }
        ]
      },
      "stylesheets/nested/nested-with-asset.css": {
        "bytes": 94,
        "imports": [
          {
            "path": "images/from-html-css.gif",
            "kind": "url-token",
            "original": "../../images/from-html-css.gif"
          }
        ]
      },
      "stylesheets/with-asset.css": {
        "bytes": 90,
        "imports": [
          {
            "path": "images/from-html-css.gif",
            "kind": "url-token",
            "original": "../images/from-html-css.gif"
          }
        ]
      }
    },
    "outputs": {
      "../output/actual/public-paths-relative-cwd/entries/pages/page.html": {
        "imports": [],
        "exports": [],
        "inputs": {
          "pages/page.html": {
            "bytesInOutput": 525
          }
        },
        "bytes": 525,
        "entryPoint": "pages/page.html"
      },
      "../output/actual/public-paths-relative-cwd/entries/pages/nested/nested-page.html": {
        "imports": [],
        "exports": [],
        "inputs": {
          "pages/nested/nested-page.html": {
            "bytesInOutput": 1030
          }
        },
        "bytes": 1030,
        "entryPoint": "pages/nested/nested-page.html"
      },
      "../output/actual/public-paths-relative-cwd/assets/images/from-html-css-QROD6PU2.gif": {
        "imports": [],
        "exports": [],
        "inputs": {
          "images/from-html-css.gif": {
            "bytesInOutput": 12
          }
        },
        "bytes": 12
      },
      "../output/actual/public-paths-relative-cwd/assets/images/from-js-css-QROD6PU2.gif": {
        "imports": [],
        "exports": [],
        "inputs": {
          "images/from-js-css.gif": {
            "bytesInOutput": 12
          }
        },
        "bytes": 12
      },
      "../output/actual/public-paths-relative-cwd/subresources/scripts/nested/nested-with-both-E553CT2V.js": {
        "imports": [],
        "exports": [],
        "cssBundle": "../output/actual/public-paths-relative-cwd/subresources/scripts/nested/nested-with-both-KA5P5YGS.css",
        "inputs": {
          "stylesheets/nested/nested-from-js.css": {
            "bytesInOutput": 0
          },
          "scripts/sub.js": {
            "bytesInOutput": 58
          },
          "scripts/nested/nested-with-both.js": {
            "bytesInOutput": 62
          }
        },
        "bytes": 210
      },
      "../output/actual/public-paths-relative-cwd/subresources/scripts/nested/nested-with-both-KA5P5YGS.css": {
        "imports": [
          {
            "path": "../output/actual/public-paths-relative-cwd/assets/images/from-js-css-QROD6PU2.gif",
            "kind": "url-token"
          }
        ],
        "inputs": {
          "stylesheets/nested/nested-from-js.css": {
            "bytesInOutput": 113
          }
        },
        "bytes": 157
      },
      "../output/actual/public-paths-relative-cwd/subresources/scripts/with-both-6KWRVYLG.js": {
        "imports": [],
        "exports": [],
        "cssBundle": "../output/actual/public-paths-relative-cwd/subresources/scripts/with-both-J734JZGS.css",
        "inputs": {
          "stylesheets/from-js.css": {
            "bytesInOutput": 0
          },
          "scripts/sub.js": {
            "bytesInOutput": 58
          },
          "scripts/with-both.js": {
            "bytesInOutput": 48
          }
        },
        "bytes": 182
      },
      "../output/actual/public-paths-relative-cwd/subresources/scripts/with-both-J734JZGS.css": {
        "imports": [
          {
            "path": "../output/actual/public-paths-relative-cwd/assets/images/from-js-css-QROD6PU2.gif",
            "kind": "url-token"
          }
        ],
        "inputs": {
          "stylesheets/from-js.css": {
            "bytesInOutput": 117
          }
        },
        "bytes": 147
      },
      "../output/actual/public-paths-relative-cwd/subresources/stylesheets/nested/nested-with-asset-U4TIK2G7.css": {
        "imports": [
          {
            "path": "../output/actual/public-paths-relative-cwd/assets/images/from-html-css-QROD6PU2.gif",
            "kind": "url-token"
          }
        ],
        "inputs": {
          "stylesheets/nested/nested-with-asset.css": {
            "bytesInOutput": 113
          }
        },
        "bytes": 160
      },
      "../output/actual/public-paths-relative-cwd/subresources/stylesheets/with-asset-GAR7UAI2.css": {
        "imports": [
          {
            "path": "../output/actual/public-paths-relative-cwd/assets/images/from-html-css-QROD6PU2.gif",
            "kind": "url-token"
          }
        ],
        "inputs": {
          "stylesheets/with-asset.css": {
            "bytesInOutput": 109
          }
        },
        "bytes": 142
      }
    }
  }
}