<!doctype html>
<html>
  <head>
    <link
      rel="stylesheet"
      href="data:text/css;base64,Ym9keSB7IGJhY2tncm91bmQtY29sb3I6IHBpbms7IH0="
    />
    <script src="data:application/javascript;base64,Y29uc29sZS5sb2coImRhdGEgVVJJIik7"></script>
  </head>
  <body>
    Hello world
  </body>
</html>
