{
  "errors": [],
  "warnings": [],
  "metafile": {
    "inputs": {
      "input/pages/duplicate-elements.html": {
        "bytes": 1136,
        "imports": [
          {
            "path": "input/scripts/with-both.js",
            "kind": "import-statement",
            "original": "../scripts/with-both.js"
          },
          {
            "path": "input/stylesheets/with-none.css",
            "kind": "import-statement",
            "original": "../stylesheets/with-none.css"
          }
        ]
      },
      "input/images/from-js-css.gif": {
        "bytes": 12,
        "imports": []
      },
      "input/scripts/sub.js": {
        "bytes": 67,
        "imports": [],
        "format": "esm"
      },
      "input/scripts/with-both.js": {
        "bytes": 110,
        "imports": [
          {
            "path": "input/stylesheets/from-js.css",
            "kind": "import-statement",
            "original": "../stylesheets/from-js.css"
          },
          {
            "path": "input/scripts/sub.js",
            "kind": "import-statement",
            "original": "./sub.js"
          }
        ],
        "format": "esm"
      },
      "input/stylesheets/from-js.css": {
        "bytes": 98,
        "imports": [
          {
            "path": "input/images/from-js-css.gif",
            "kind": "url-token",
            "original": "../images/from-js-css.gif"
          }
        ]
      },
      "input/stylesheets/with-none.css": {
        "bytes": 37,
        "imports": []
      }
    },
    "outputs": {
      "output/actual/duplicate-elements/duplicate-elements.html": {
        "imports": [],
        "exports": [],
        "inputs": {
          "input/pages/duplicate-elements.html": {
            "bytesInOutput": 1136
          }
        },
        "bytes": 1136,
        "entryPoint": "input/pages/duplicate-elements.html"
      },
      "output/actual/duplicate-elements/from-js-css.gif": {
        "imports": [],
        "exports": [],
        "inputs": {
          "input/images/from-js-css.gif": {
            "bytesInOutput": 12
          }
        },
        "bytes": 12
      },
      "output/actual/duplicate-elements/with-both.css": {
        "imports": [
          {
            "path": "output/actual/duplicate-elements/from-js-css.gif",
            "kind": "url-token"
          }
        ],
        "inputs": {
          "input/stylesheets/from-js.css": {
            "bytesInOutput": 90
          }
        },
        "bytes": 126
      },
      "output/actual/duplicate-elements/with-both.js": {
        "imports": [],
        "exports": [],
        "cssBundle": "output/actual/duplicate-elements/with-both.css",
        "inputs": {
          "input/stylesheets/from-js.css": {
            "bytesInOutput": 0
          },
          "input/scripts/sub.js": {
            "bytesInOutput": 58
          },
          "input/scripts/with-both.js": {
            "bytesInOutput": 48
          }
        },
        "bytes": 194
      },
      "output/actual/duplicate-elements/with-none.css": {
        "imports": [],
        "inputs": {
          "input/stylesheets/with-none.css": {
            "bytesInOutput": 37
          }
        },
        "bytes": 75
      }
    }
  }
}