<!doctype html>
<html>
  <head>
    <link href="from-html-with-asset.css" rel="stylesheet">
    <link href="with-all.css" rel="stylesheet">
    <script src="with-all.js"></script>
  </head>
  <body>
    all.html
  </body>
</html>
