{
  "errors": [],
  "warnings": [],
  "metafile": {
    "inputs": {
      "input/pages/dead-end.html": {
        "bytes": 177,
        "imports": [
          {
            "path": "input/stylesheets/with-none.css",
            "kind": "import-statement",
            "original": "../stylesheets/with-none.css"
          },
          {
            "path": "input/scripts/with-none.js",
            "kind": "import-statement",
            "original": "../scripts/with-none.js"
          }
        ]
      },
      "input/scripts/with-none.js": {
        "bytes": 37,
        "imports": [],
        "format": "esm"
      },
      "input/stylesheets/with-none.css": {
        "bytes": 37,
        "imports": []
      }
    },
    "outputs": {
      "output/actual/no-integrity/dead-end.html": {
        "imports": [],
        "exports": [],
        "inputs": {
          "input/pages/dead-end.html": {
            "bytesInOutput": 177
          }
        },
        "bytes": 177,
        "entryPoint": "input/pages/dead-end.html"
      },
      "output/actual/no-integrity/with-none.css": {
        "imports": [],
        "inputs": {
          "input/stylesheets/with-none.css": {
            "bytesInOutput": 37
          }
        },
        "bytes": 75
      },
      "output/actual/no-integrity/with-none.js": {
        "imports": [],
        "exports": [],
        "inputs": {
          "input/scripts/with-none.js": {
            "bytesInOutput": 39
          }
        },
        "bytes": 100
      }
    }
  }
}