<!doctype html>
<html>
  <head>
    <script src="js-import-html.js" integrity="sha256-hHTelIxHWrmWUOPhxwBuwtyY7p/af8sZRW3yzKFwTSM="></script>
  </head>
  <body>
    Hello world
  </body>
</html>
