<!DOCTYPE html><html><head>
    <script src="../../subresources/scripts/with-js-QSIOL2J3.js" type="module" integrity="sha256-ZCma9Bjrz7wferEMbU8Wc7sr6KSrfkDZRDdcEA+ZvwM="></script>
  </head>
  <body>
    Hello world
  

</body></html>