<!doctype html>
<html>
  <head>
    <script src="../subresources/with-js-A6CI7JDA.js" type="module"></script>
    <script src="../subresources/with-js-2-RRD2FZ6D.js" type="module"></script>

    <link href="../subresources/with-both-ZSBEDO76.css" rel="stylesheet">
    <script src="../subresources/with-both-EUVJRDSP.js"></script>
  </head>
  <body>
    splitting-mixed.html
  </body>
</html>
