<!doctype html>
<html>
  <head>
    <link href="/public-paths/absolute/nested/subresources/stylesheets/from-html-with-asset-JVVC6RI7.css" rel="stylesheet">
    <link href="/public-paths/absolute/nested/subresources/scripts/with-all-EFOUTR4J.css" rel="stylesheet">
    <script src="/public-paths/absolute/nested/subresources/scripts/with-all-72EZAAZW.js"></script>
  </head>
  <body>
    all.html
  </body>
</html>
