<!doctype html>
<html>
  <head>
    <script src="../subresources/with-js-A6CI7JDA.js" type="module"></script>
    <script src="../subresources/with-js-2-RRD2FZ6D.js" type="module"></script>
  </head>
  <body>
    splitting-1.html
  </body>
</html>
