{
  "errors": [],
  "warnings": [],
  "metafile": {
    "inputs": {
      "html-entry:test/input/pages/elements-duplicated.html": {
        "bytes": 418,
        "imports": [
          {
            "path": "test/input/stylesheets/from-html-without-asset.css",
            "kind": "import-statement",
            "original": "../stylesheets/from-html-without-asset.css"
          },
          {
            "path": "test/input/stylesheets/from-html-without-asset.css",
            "kind": "import-statement",
            "original": "../stylesheets/from-html-without-asset.css"
          },
          {
            "path": "test/input/scripts/with-both.js",
            "kind": "import-statement",
            "original": "../scripts/with-both.js"
          },
          {
            "path": "test/input/scripts/with-both.js",
            "kind": "import-statement",
            "original": "../scripts/with-both.js"
          },
          {
            "path": "test/input/scripts/with-both.js",
            "kind": "import-statement",
            "original": "../scripts/with-both.js"
          }
        ]
      },
      "test/input/scripts/sub.js": {
        "bytes": 67,
        "imports": [],
        "format": "esm"
      },
      "test/input/scripts/with-both.js": {
        "bytes": 124,
        "imports": [
          {
            "path": "test/input/stylesheets/from-js-without-asset.css",
            "kind": "import-statement",
            "original": "../stylesheets/from-js-without-asset.css"
          },
          {
            "path": "test/input/scripts/sub.js",
            "kind": "import-statement",
            "original": "./sub.js"
          }
        ],
        "format": "esm"
      },
      "test/input/stylesheets/from-html-without-asset.css": {
        "bytes": 35,
        "imports": []
      },
      "test/input/stylesheets/from-js-without-asset.css": {
        "bytes": 37,
        "imports": []
      }
    },
    "outputs": {
      "test/output/actual/elements/duplicated/elements-duplicated.html": {
        "imports": [],
        "exports": [],
        "inputs": {
          "html-entry:test/input/pages/elements-duplicated.html": {
            "bytesInOutput": 498
          }
        },
        "bytes": 498,
        "entryPoint": "html-entry:test/input/pages/elements-duplicated.html"
      },
      "test/output/actual/elements/duplicated/from-html-without-asset.css": {
        "imports": [],
        "inputs": {
          "test/input/stylesheets/from-html-without-asset.css": {
            "bytesInOutput": 35
          }
        },
        "bytes": 92
      },
      "test/output/actual/elements/duplicated/with-both.css": {
        "imports": [],
        "inputs": {
          "test/input/stylesheets/from-js-without-asset.css": {
            "bytesInOutput": 37
          }
        },
        "bytes": 92
      },
      "test/output/actual/elements/duplicated/with-both.js": {
        "imports": [],
        "exports": [],
        "cssBundle": "test/output/actual/elements/duplicated/with-both.css",
        "inputs": {
          "test/input/stylesheets/from-js-without-asset.css": {
            "bytesInOutput": 0
          },
          "test/input/scripts/sub.js": {
            "bytesInOutput": 58
          },
          "test/input/scripts/with-both.js": {
            "bytesInOutput": 48
          }
        },
        "bytes": 204
      }
    }
  }
}