<!doctype html>
<html>
  <head>
    <link href="../../subresources/stylesheets/from-html-with-asset-E3BWENJ6.css" rel="stylesheet">
    <link href="../../subresources/scripts/with-all-BE4FXAHN.css" rel="stylesheet">
    <script src="../../subresources/scripts/with-all-V7LOA64U.js"></script>
  </head>
  <body>
    all.html
  </body>
</html>
