<!doctype html>
<html>
  <head>
    <script src="with-html.js"></script>
  </head>
  <body>
    lang-html.html
  </body>
</html>
