{
  "errors": [],
  "warnings": [],
  "metafile": {
    "inputs": {
      "test/input/pages/minified.html": {
        "bytes": 383,
        "imports": [
          {
            "path": "test/input/stylesheets/with-asset.css",
            "kind": "import-statement",
            "original": "../stylesheets/with-asset.css"
          },
          {
            "path": "test/input/scripts/with-both.js",
            "kind": "import-statement",
            "original": "../scripts/with-both.js"
          }
        ]
      },
      "test/input/images/from-html-css.gif": {
        "bytes": 12,
        "imports": []
      },
      "test/input/images/from-js-css.gif": {
        "bytes": 12,
        "imports": []
      },
      "test/input/scripts/sub.js": {
        "bytes": 67,
        "imports": [],
        "format": "esm"
      },
      "test/input/scripts/with-both.js": {
        "bytes": 110,
        "imports": [
          {
            "path": "test/input/stylesheets/from-js.css",
            "kind": "import-statement",
            "original": "../stylesheets/from-js.css"
          },
          {
            "path": "test/input/scripts/sub.js",
            "kind": "import-statement",
            "original": "./sub.js"
          }
        ],
        "format": "esm"
      },
      "test/input/stylesheets/from-js.css": {
        "bytes": 98,
        "imports": [
          {
            "path": "test/input/images/from-js-css.gif",
            "kind": "url-token",
            "original": "../images/from-js-css.gif"
          }
        ]
      },
      "test/input/stylesheets/with-asset.css": {
        "bytes": 90,
        "imports": [
          {
            "path": "test/input/images/from-html-css.gif",
            "kind": "url-token",
            "original": "../images/from-html-css.gif"
          }
        ]
      }
    },
    "outputs": {
      "test/output/actual/minified-input/minified.html": {
        "imports": [],
        "exports": [],
        "inputs": {
          "test/input/pages/minified.html": {
            "bytesInOutput": 383
          }
        },
        "bytes": 383,
        "entryPoint": "test/input/pages/minified.html"
      },
      "test/output/actual/minified-input/from-html-css.gif": {
        "imports": [],
        "exports": [],
        "inputs": {
          "test/input/images/from-html-css.gif": {
            "bytesInOutput": 12
          }
        },
        "bytes": 12
      },
      "test/output/actual/minified-input/from-js-css.gif": {
        "imports": [],
        "exports": [],
        "inputs": {
          "test/input/images/from-js-css.gif": {
            "bytesInOutput": 12
          }
        },
        "bytes": 12
      },
      "test/output/actual/minified-input/with-asset.css": {
        "imports": [
          {
            "path": "test/output/actual/minified-input/from-html-css.gif",
            "kind": "url-token"
          }
        ],
        "inputs": {
          "test/input/stylesheets/with-asset.css": {
            "bytesInOutput": 82
          }
        },
        "bytes": 126
      },
      "test/output/actual/minified-input/with-both.css": {
        "imports": [
          {
            "path": "test/output/actual/minified-input/from-js-css.gif",
            "kind": "url-token"
          }
        ],
        "inputs": {
          "test/input/stylesheets/from-js.css": {
            "bytesInOutput": 90
          }
        },
        "bytes": 131
      },
      "test/output/actual/minified-input/with-both.js": {
        "imports": [],
        "exports": [],
        "cssBundle": "test/output/actual/minified-input/with-both.css",
        "inputs": {
          "test/input/stylesheets/from-js.css": {
            "bytesInOutput": 0
          },
          "test/input/scripts/sub.js": {
            "bytesInOutput": 58
          },
          "test/input/scripts/with-both.js": {
            "bytesInOutput": 48
          }
        },
        "bytes": 204
      }
    }
  }
}