<!doctype html>
<html>
  <head>
    <link rel="stylesheet" href="/public-paths-absolute-outbase/subresources/input/stylesheets/nested/nested-with-asset-IJGPD6TM.css" integrity="sha256-CPm4RPPqZFnBbEpqm34yjdwPbIKxXbHP6+n6KP8TM7w=">
    <link rel="stylesheet" href="/public-paths-absolute-outbase/subresources/input/scripts/nested/nested-with-both-D5C7PFIJ.css" integrity="sha256-A/MsLNivJtHkW3/FkOF4Du9JIshS8EpTD2ca395Bpo4=">
    <script src="/public-paths-absolute-outbase/subresources/input/scripts/nested/nested-with-both-GCDYKFXU.js" integrity="sha256-Ph8uIU9q/UElgd+eNDUvCdfvf0RIKwwxjZ47iYzsM8Y="></script>

    <link rel="stylesheet" href="/public-paths-absolute-outbase/subresources/input/stylesheets/with-asset-32Y4T2G5.css" integrity="sha256-ipSVl/qp3EHQgljeuxqmSeQqGEls78qzzhaqSENCibQ=">
    <link rel="stylesheet" href="/public-paths-absolute-outbase/subresources/input/scripts/with-both-C4W5WA4Y.css" integrity="sha256-z4QWuv2HwtmgvrJ11pBprHUBoCRgT4f+xBomjrWv8TM=">
    <script src="/public-paths-absolute-outbase/subresources/input/scripts/with-both-O6KFYNOV.js" integrity="sha256-sPo5XZbMiXtQYJh3HbwZY9wwwz8QiZtZ2WguyAzUEdc="></script>
  </head>
  <body>
    Hello world
  </body>
</html>
