<!doctype html>
<html>
  <head>
    <link href="from-html-without-asset.css" rel="stylesheet" type>
    <script src="with-none.js" type></script>
  </head>
  <body>
    elements-type-empty.html
  </body>
</html>
