<!DOCTYPE html><html><head>
    <link rel="stylesheet" href="with-both-ts.css" integrity="sha256-mKmwyvInYgrL3mip/qVZbSDEw5hNu90DT2OMdSruDMk=">
    <script src="with-both-ts.js" integrity="sha256-Wy9BY2Xivcn0XxImIm+M8jJaa+Ddatx2REPKGlnqQTY="></script>
  </head>
  <body>
    Hello world
  

</body></html>