<!DOCTYPE html><html><head>
    <link rel="stylesheet" href="with-asset.css" integrity="sha256-xtyDM096nnCyd0CqLLPBEGjdjI9RxUOMqGIyGZS2sf4=">
    <script src="../scripts/with-both.js"></script>
  </head>
  <body>
    Hello world
  

</body></html>