<!doctype html><html><head>
<link rel="stylesheet" 
href="with-none.css" 
integrity="sha256-tS2sTCLI8iUx0+dU7goueuhhg9CbB36zYoqVuJdev+0=">
<script src="with-none.js" 
integrity="sha256-D04TaqrrmJBH8ETZQd/yeZThv7v1r75evJu7nHVXtvE=">
</script></head><body>
Hello world</body></html>