<!DOCTYPE html><html><head>
    <link rel="stylesheet" href="nested-with-asset.css" integrity="sha256-g6z3Xv5qbB40QKeYGvEZ/lWE3gsdqkigLC9UCN4zT50=">
    <link rel="stylesheet" href="nested-with-both.css" integrity="sha256-aC2vSKIDAxqppVcr6GELtz+JNoYwNwiBa1jdnT2Av+I=">
    <script src="nested-with-both.js" integrity="sha256-Ph8uIU9q/UElgd+eNDUvCdfvf0RIKwwxjZ47iYzsM8Y="></script>

    <link rel="stylesheet" href="with-asset.css" integrity="sha256-jG4ugXsoyc+0mP39x60RETlptZhhk4j0iizr49UlvlM=">
    <link rel="stylesheet" href="with-both.css" integrity="sha256-mKmwyvInYgrL3mip/qVZbSDEw5hNu90DT2OMdSruDMk=">
    <script src="with-both.js" integrity="sha256-sPo5XZbMiXtQYJh3HbwZY9wwwz8QiZtZ2WguyAzUEdc="></script>
  </head>
  <body>
    Hello world
  

</body></html>