<!doctype html>
<html>
  <head>
    <link href="../../subresources/stylesheets/from-html-with-asset-PYSZC2J2.css" rel="stylesheet">
    <link href="../../subresources/scripts/with-all-ZIGVUP6K.css" rel="stylesheet">
    <script src="../../subresources/scripts/with-all-VWSC6Z2A.js"></script>
  </head>
  <body>
    all.html
  </body>
</html>
