{
  "errors": [],
  "warnings": [],
  "metafile": {
    "inputs": {
      "html-entry:test/input/pages/all.html": {
        "bytes": 210,
        "imports": [
          {
            "path": "test/input/stylesheets/from-html-with-asset.css",
            "kind": "import-statement",
            "original": "../stylesheets/from-html-with-asset.css"
          },
          {
            "path": "test/input/scripts/with-all.js",
            "kind": "import-statement",
            "original": "../scripts/with-all.js"
          }
        ]
      },
      "html-entry:test/input/pages/nested/nested-all.html": {
        "bytes": 393,
        "imports": [
          {
            "path": "test/input/stylesheets/nested/nested-from-html-with-asset.css",
            "kind": "import-statement",
            "original": "../../stylesheets/nested/nested-from-html-with-asset.css"
          },
          {
            "path": "test/input/scripts/nested/nested-with-all.js",
            "kind": "import-statement",
            "original": "../../scripts/nested/nested-with-all.js"
          },
          {
            "path": "test/input/stylesheets/from-html-with-asset.css",
            "kind": "import-statement",
            "original": "../../stylesheets/from-html-with-asset.css"
          },
          {
            "path": "test/input/scripts/with-all.js",
            "kind": "import-statement",
            "original": "../../scripts/with-all.js"
          }
        ]
      },
      "test/input/images/from-html-css.gif": {
        "bytes": 12,
        "imports": []
      },
      "test/input/images/from-js-css.gif": {
        "bytes": 12,
        "imports": []
      },
      "test/input/scripts/nested/nested-with-all.js": {
        "bytes": 152,
        "imports": [
          {
            "path": "test/input/stylesheets/nested/nested-from-js-with-asset.css",
            "kind": "import-statement",
            "original": "../../stylesheets/nested/nested-from-js-with-asset.css"
          },
          {
            "path": "test/input/scripts/sub.js",
            "kind": "import-statement",
            "original": "../sub.js"
          }
        ],
        "format": "esm"
      },
      "test/input/scripts/sub.js": {
        "bytes": 67,
        "imports": [],
        "format": "esm"
      },
      "test/input/scripts/with-all.js": {
        "bytes": 120,
        "imports": [
          {
            "path": "test/input/stylesheets/from-js-with-asset.css",
            "kind": "import-statement",
            "original": "../stylesheets/from-js-with-asset.css"
          },
          {
            "path": "test/input/scripts/sub.js",
            "kind": "import-statement",
            "original": "./sub.js"
          }
        ],
        "format": "esm"
      },
      "test/input/stylesheets/from-html-with-asset.css": {
        "bytes": 90,
        "imports": [
          {
            "path": "test/input/images/from-html-css.gif",
            "kind": "url-token",
            "original": "../images/from-html-css.gif"
          }
        ]
      },
      "test/input/stylesheets/from-js-with-asset.css": {
        "bytes": 98,
        "imports": [
          {
            "path": "test/input/images/from-js-css.gif",
            "kind": "url-token",
            "original": "../images/from-js-css.gif"
          }
        ]
      },
      "test/input/stylesheets/nested/nested-from-html-with-asset.css": {
        "bytes": 94,
        "imports": [
          {
            "path": "test/input/images/from-html-css.gif",
            "kind": "url-token",
            "original": "../../images/from-html-css.gif"
          }
        ]
      },
      "test/input/stylesheets/nested/nested-from-js-with-asset.css": {
        "bytes": 94,
        "imports": [
          {
            "path": "test/input/images/from-js-css.gif",
            "kind": "url-token",
            "original": "../../images/from-js-css.gif"
          }
        ]
      }
    },
    "outputs": {
      "test/output/actual/public-paths/absolute/outbase/entries/input/pages/all.html": {
        "imports": [],
        "exports": [],
        "inputs": {
          "html-entry:test/input/pages/all.html": {
            "bytesInOutput": 435
          }
        },
        "bytes": 435,
        "entryPoint": "html-entry:test/input/pages/all.html"
      },
      "test/output/actual/public-paths/absolute/outbase/entries/input/pages/nested/nested-all.html": {
        "imports": [],
        "exports": [],
        "inputs": {
          "html-entry:test/input/pages/nested/nested-all.html": {
            "bytesInOutput": 845
          }
        },
        "bytes": 845,
        "entryPoint": "html-entry:test/input/pages/nested/nested-all.html"
      },
      "test/output/actual/public-paths/absolute/outbase/assets/input/images/from-html-css-QROD6PU2.gif": {
        "imports": [],
        "exports": [],
        "inputs": {
          "test/input/images/from-html-css.gif": {
            "bytesInOutput": 12
          }
        },
        "bytes": 12
      },
      "test/output/actual/public-paths/absolute/outbase/assets/input/images/from-js-css-QROD6PU2.gif": {
        "imports": [],
        "exports": [],
        "inputs": {
          "test/input/images/from-js-css.gif": {
            "bytesInOutput": 12
          }
        },
        "bytes": 12
      },
      "test/output/actual/public-paths/absolute/outbase/subresources/input/scripts/nested/nested-with-all-GGRHHPXX.js": {
        "imports": [],
        "exports": [],
        "cssBundle": "test/output/actual/public-paths/absolute/outbase/subresources/input/scripts/nested/nested-with-all-PA6YDNVD.css",
        "inputs": {
          "test/input/stylesheets/nested/nested-from-js-with-asset.css": {
            "bytesInOutput": 0
          },
          "test/input/scripts/sub.js": {
            "bytesInOutput": 58
          },
          "test/input/scripts/nested/nested-with-all.js": {
            "bytesInOutput": 61
          }
        },
        "bytes": 230
      },
      "test/output/actual/public-paths/absolute/outbase/subresources/input/scripts/nested/nested-with-all-PA6YDNVD.css": {
        "imports": [
          {
            "path": "test/output/actual/public-paths/absolute/outbase/assets/input/images/from-js-css-QROD6PU2.gif",
            "kind": "url-token"
          }
        ],
        "inputs": {
          "test/input/stylesheets/nested/nested-from-js-with-asset.css": {
            "bytesInOutput": 141
          }
        },
        "bytes": 207
      },
      "test/output/actual/public-paths/absolute/outbase/subresources/input/scripts/with-all-3OHAW4F3.js": {
        "imports": [],
        "exports": [],
        "cssBundle": "test/output/actual/public-paths/absolute/outbase/subresources/input/scripts/with-all-YDNWPD5Q.css",
        "inputs": {
          "test/input/stylesheets/from-js-with-asset.css": {
            "bytesInOutput": 0
          },
          "test/input/scripts/sub.js": {
            "bytesInOutput": 58
          },
          "test/input/scripts/with-all.js": {
            "bytesInOutput": 47
          }
        },
        "bytes": 202
      },
      "test/output/actual/public-paths/absolute/outbase/subresources/input/scripts/with-all-YDNWPD5Q.css": {
        "imports": [
          {
            "path": "test/output/actual/public-paths/absolute/outbase/assets/input/images/from-js-css-QROD6PU2.gif",
            "kind": "url-token"
          }
        ],
        "inputs": {
          "test/input/stylesheets/from-js-with-asset.css": {
            "bytesInOutput": 148
          }
        },
        "bytes": 200
      },
      "test/output/actual/public-paths/absolute/outbase/subresources/input/stylesheets/from-html-with-asset-SXLZ4HL3.css": {
        "imports": [
          {
            "path": "test/output/actual/public-paths/absolute/outbase/assets/input/images/from-html-css-QROD6PU2.gif",
            "kind": "url-token"
          }
        ],
        "inputs": {
          "test/input/stylesheets/from-html-with-asset.css": {
            "bytesInOutput": 140
          }
        },
        "bytes": 194
      },
      "test/output/actual/public-paths/absolute/outbase/subresources/input/stylesheets/nested/nested-from-html-with-asset-F37MW3KX.css": {
        "imports": [
          {
            "path": "test/output/actual/public-paths/absolute/outbase/assets/input/images/from-html-css-QROD6PU2.gif",
            "kind": "url-token"
          }
        ],
        "inputs": {
          "test/input/stylesheets/nested/nested-from-html-with-asset.css": {
            "bytesInOutput": 141
          }
        },
        "bytes": 209
      }
    }
  }
}