{
  "errors": [],
  "warnings": [],
  "metafile": {
    "inputs": {
      "html-entry:test/input/pages/elements-href-data.html": {
        "bytes": 312,
        "imports": []
      }
    },
    "outputs": {
      "test/output/actual/elements/href/data/elements-href-data.html": {
        "imports": [],
        "exports": [],
        "inputs": {
          "html-entry:test/input/pages/elements-href-data.html": {
            "bytesInOutput": 294
          }
        },
        "bytes": 294,
        "entryPoint": "html-entry:test/input/pages/elements-href-data.html"
      }
    }
  }
}