<!doctype html>
<html>
  <head>
    <link
      rel="stylesheet"
      href="/absolute-public-paths/subresources/stylesheets/nested/nested-with-asset-3WFWCN7Q.css"
      integrity="sha256-ho8UkuebCJfVxhC1e4l1emk1Qc/dtjB4FQQDmdAa1ZM="
    />
    <link
      rel="stylesheet"
      href="/absolute-public-paths/subresources/scripts/nested/nested-with-both-CW77C4BI.css"
      integrity="sha256-xrq5ZM8JTDhy0ggjDee7VkeLJTkAcPol/zJPWhDY4l4="
    />
    <script
      src="/absolute-public-paths/subresources/scripts/nested/nested-with-both-O6VVECH7.js"
      integrity="sha256-wGytJQWczfs3HxFelwSYn2sQ9LCp4K2kxG+O0ay0ZXw="
    ></script>

    <link
      rel="stylesheet"
      href="/absolute-public-paths/subresources/stylesheets/with-asset-5YTDUGY7.css"
      integrity="sha256-GCLoQsz3vjeCDXdcpSV0c7+RPNlkJn/EnNWjRN8oxmM="
    />
    <link
      rel="stylesheet"
      href="/absolute-public-paths/subresources/scripts/with-both-W6Q5EWTL.css"
      integrity="sha256-TwfxmlZjWrR7/qthaHfbkNwKkp98FsadfRipDJFBuKI="
    />
    <script
      src="/absolute-public-paths/subresources/scripts/with-both-LHA76WIR.js"
      integrity="sha256-MzUW1sJwlyBtIk98rBDTHTssdFEReYXuSr9AgqsoEq8="
    ></script>
  </head>
  <body>
    Hello world
  </body>
</html>
