<!doctype html>
<html>
  <head>
    <link href="from-html-without-asset.css" rel="stylesheet" integrity="sha512-VOkreWmcIh/nubGmgsmBoUPaSUeRJ9GBjawSY9LOJ8xgbjiQCRJU3wisjvRpv4i+htbN5Ja5mwOEdS9hf6Rfkg==">
    <script src="with-none.js" integrity="sha512-qiBxQeb5eNz4ABquZ6UJSD9Us8f5w71k7Ol2iThc293rIkyljnZNRv73Fuyy+VOy7qz6dvATLRztoYj23f6IJQ=="></script>
  </head>
  <body>
    simple.html
  </body>
</html>
