<!doctype html>
<html>
  <head>
    <link
      rel="stylesheet"
      href="with-none.css"
      integrity="sha256-R4Ljy2cBNKkJ/OnPL2/ESXbnYKxRUYnZ2RT3ShJmnl0="
    />
    <script
      src="with-none.js"
      integrity="sha256-JfMPtuXdY5pBIW2cHbzYcnBZ/qhX7Ss+PGaUMNLhLCo="
    ></script>
  </head>
  <body>
    Hello world
  </body>
</html>
