{
  "errors": [],
  "warnings": [],
  "metafile": {
    "inputs": {
      "test/input/pages/page.html": {
        "bytes": 247,
        "imports": [
          {
            "path": "test/input/stylesheets/with-asset.css",
            "kind": "import-statement",
            "original": "../stylesheets/with-asset.css"
          }
        ]
      },
      "test/input/images/from-html-css.gif": {
        "bytes": 12,
        "imports": []
      },
      "test/input/stylesheets/with-asset.css": {
        "bytes": 90,
        "imports": [
          {
            "path": "test/input/images/from-html-css.gif",
            "kind": "url-token",
            "original": "../images/from-html-css.gif"
          }
        ]
      }
    },
    "outputs": {
      "test/output/actual/external-absolute-js/page.html": {
        "imports": [],
        "exports": [],
        "inputs": {
          "test/input/pages/page.html": {
            "bytesInOutput": 247
          }
        },
        "bytes": 247,
        "entryPoint": "test/input/pages/page.html"
      },
      "test/output/actual/external-absolute-js/from-html-css.gif": {
        "imports": [],
        "exports": [],
        "inputs": {
          "test/input/images/from-html-css.gif": {
            "bytesInOutput": 12
          }
        },
        "bytes": 12
      },
      "test/output/actual/external-absolute-js/with-asset.css": {
        "imports": [
          {
            "path": "test/output/actual/external-absolute-js/from-html-css.gif",
            "kind": "url-token"
          }
        ],
        "inputs": {
          "test/input/stylesheets/with-asset.css": {
            "bytesInOutput": 82
          }
        },
        "bytes": 126
      }
    }
  }
}