{
  "errors": [],
  "warnings": [],
  "metafile": {
    "inputs": {
      "html-entry:test/input/pages/splitting-mixed-overlapping.html": {
        "bytes": 223,
        "imports": [
          {
            "path": "test/input/scripts/with-all.js",
            "kind": "import-statement",
            "original": "../scripts/with-all.js"
          },
          {
            "path": "test/input/scripts/with-all.js",
            "kind": "import-statement",
            "original": "../scripts/with-all.js"
          }
        ]
      },
      "test/input/images/from-js-css.gif": {
        "bytes": 12,
        "imports": []
      },
      "test/input/scripts/sub.js": {
        "bytes": 67,
        "imports": [],
        "format": "esm"
      },
      "test/input/scripts/with-all.js": {
        "bytes": 120,
        "imports": [
          {
            "path": "test/input/stylesheets/from-js-with-asset.css",
            "kind": "import-statement",
            "original": "../stylesheets/from-js-with-asset.css"
          },
          {
            "path": "test/input/scripts/sub.js",
            "kind": "import-statement",
            "original": "./sub.js"
          }
        ],
        "format": "esm"
      },
      "test/input/stylesheets/from-js-with-asset.css": {
        "bytes": 98,
        "imports": [
          {
            "path": "test/input/images/from-js-css.gif",
            "kind": "url-token",
            "original": "../images/from-js-css.gif"
          }
        ]
      }
    },
    "outputs": {
      "test/output/actual/splitting/write-enabled/mixed-overlapping/entries/splitting-mixed-overlapping.html": {
        "imports": [],
        "exports": [],
        "inputs": {
          "html-entry:test/input/pages/splitting-mixed-overlapping.html": {
            "bytesInOutput": 397
          }
        },
        "bytes": 397,
        "entryPoint": "html-entry:test/input/pages/splitting-mixed-overlapping.html"
      },
      "test/output/actual/splitting/write-enabled/mixed-overlapping/assets/from-js-css-QROD6PU2.gif": {
        "imports": [],
        "exports": [],
        "inputs": {
          "test/input/images/from-js-css.gif": {
            "bytesInOutput": 12
          }
        },
        "bytes": 12
      },
      "test/output/actual/splitting/write-enabled/mixed-overlapping/subresources/with-all-77MW5PZI.js": {
        "imports": [],
        "exports": [],
        "cssBundle": "test/output/actual/splitting/write-enabled/mixed-overlapping/subresources/with-all-VPENRBYF.css",
        "inputs": {
          "test/input/stylesheets/from-js-with-asset.css": {
            "bytesInOutput": 0
          },
          "test/input/scripts/sub.js": {
            "bytesInOutput": 58
          },
          "test/input/scripts/with-all.js": {
            "bytesInOutput": 47
          }
        },
        "bytes": 202
      },
      "test/output/actual/splitting/write-enabled/mixed-overlapping/subresources/with-all-VPENRBYF.css": {
        "imports": [
          {
            "path": "test/output/actual/splitting/write-enabled/mixed-overlapping/assets/from-js-css-QROD6PU2.gif",
            "kind": "url-token"
          }
        ],
        "inputs": {
          "test/input/stylesheets/from-js-with-asset.css": {
            "bytesInOutput": 107
          }
        },
        "bytes": 159
      },
      "test/output/actual/splitting/write-enabled/mixed-overlapping/subresources/with-all-Y6EPOXLO.js": {
        "imports": [],
        "exports": [],
        "cssBundle": "test/output/actual/splitting/write-enabled/mixed-overlapping/subresources/with-all-VPENRBYF.css",
        "inputs": {
          "test/input/stylesheets/from-js-with-asset.css": {
            "bytesInOutput": 0
          },
          "test/input/scripts/sub.js": {
            "bytesInOutput": 52
          },
          "test/input/scripts/with-all.js": {
            "bytesInOutput": 43
          }
        },
        "bytes": 159
      }
    }
  }
}