{
  "errors": [],
  "warnings": [],
  "metafile": {
    "inputs": {
      "input/pages/page.html": {
        "bytes": 645,
        "imports": [
          {
            "path": "input/scripts/with-both.js",
            "kind": "import-statement",
            "original": "../scripts/with-both.js"
          },
          {
            "path": "input/stylesheets/with-asset.css",
            "kind": "import-statement",
            "original": "../stylesheets/with-asset.css"
          }
        ]
      },
      "input/pages/nested/nested-page.html": {
        "bytes": 687,
        "imports": [
          {
            "path": "input/scripts/nested/nested-with-both.js",
            "kind": "import-statement",
            "original": "../../scripts/nested/nested-with-both.js"
          },
          {
            "path": "input/stylesheets/nested/nested-with-asset.css",
            "kind": "import-statement",
            "original": "../../stylesheets/nested/nested-with-asset.css"
          }
        ]
      },
      "input/images/from-html-css.gif": {
        "bytes": 12,
        "imports": []
      },
      "input/images/from-js-css.gif": {
        "bytes": 12,
        "imports": []
      },
      "input/scripts/nested/nested-with-both.js": {
        "bytes": 142,
        "imports": [
          {
            "path": "input/stylesheets/nested/nested-from-js.css",
            "kind": "import-statement",
            "original": "../../stylesheets/nested/nested-from-js.css"
          },
          {
            "path": "input/scripts/sub.js",
            "kind": "import-statement",
            "original": "../sub.js"
          }
        ],
        "format": "esm"
      },
      "input/scripts/sub.js": {
        "bytes": 67,
        "imports": [],
        "format": "esm"
      },
      "input/scripts/with-both.js": {
        "bytes": 110,
        "imports": [
          {
            "path": "input/stylesheets/from-js.css",
            "kind": "import-statement",
            "original": "../stylesheets/from-js.css"
          },
          {
            "path": "input/scripts/sub.js",
            "kind": "import-statement",
            "original": "./sub.js"
          }
        ],
        "format": "esm"
      },
      "input/stylesheets/from-js.css": {
        "bytes": 98,
        "imports": [
          {
            "path": "input/images/from-js-css.gif",
            "kind": "url-token",
            "original": "../images/from-js-css.gif"
          }
        ]
      },
      "input/stylesheets/nested/nested-from-js.css": {
        "bytes": 94,
        "imports": [
          {
            "path": "input/images/from-js-css.gif",
            "kind": "url-token",
            "original": "../../images/from-js-css.gif"
          }
        ]
      },
      "input/stylesheets/nested/nested-with-asset.css": {
        "bytes": 94,
        "imports": [
          {
            "path": "input/images/from-html-css.gif",
            "kind": "url-token",
            "original": "../../images/from-html-css.gif"
          }
        ]
      },
      "input/stylesheets/with-asset.css": {
        "bytes": 90,
        "imports": [
          {
            "path": "input/images/from-html-css.gif",
            "kind": "url-token",
            "original": "../images/from-html-css.gif"
          }
        ]
      }
    },
    "outputs": {
      "output/actual/absolute-public-paths/entries/pages/page.html": {
        "imports": [],
        "exports": [],
        "inputs": {
          "input/pages/page.html": {
            "bytesInOutput": 645
          }
        },
        "bytes": 645,
        "entryPoint": "input/pages/page.html"
      },
      "output/actual/absolute-public-paths/entries/pages/nested/nested-page.html": {
        "imports": [],
        "exports": [],
        "inputs": {
          "input/pages/nested/nested-page.html": {
            "bytesInOutput": 687
          }
        },
        "bytes": 687,
        "entryPoint": "input/pages/nested/nested-page.html"
      },
      "output/actual/absolute-public-paths/assets/images/from-html-css-QROD6PU2.gif": {
        "imports": [],
        "exports": [],
        "inputs": {
          "input/images/from-html-css.gif": {
            "bytesInOutput": 12
          }
        },
        "bytes": 12
      },
      "output/actual/absolute-public-paths/assets/images/from-js-css-QROD6PU2.gif": {
        "imports": [],
        "exports": [],
        "inputs": {
          "input/images/from-js-css.gif": {
            "bytesInOutput": 12
          }
        },
        "bytes": 12
      },
      "output/actual/absolute-public-paths/subresources/scripts/nested/nested-with-both-CW77C4BI.css": {
        "imports": [
          {
            "path": "output/actual/absolute-public-paths/assets/images/from-js-css-QROD6PU2.gif",
            "kind": "url-token"
          }
        ],
        "inputs": {
          "input/stylesheets/nested/nested-from-js.css": {
            "bytesInOutput": 127
          }
        },
        "bytes": 177
      },
      "output/actual/absolute-public-paths/subresources/scripts/nested/nested-with-both-O6VVECH7.js": {
        "imports": [],
        "exports": [],
        "cssBundle": "output/actual/absolute-public-paths/subresources/scripts/nested/nested-with-both-CW77C4BI.css",
        "inputs": {
          "input/stylesheets/nested/nested-from-js.css": {
            "bytesInOutput": 0
          },
          "input/scripts/sub.js": {
            "bytesInOutput": 58
          },
          "input/scripts/nested/nested-with-both.js": {
            "bytesInOutput": 62
          }
        },
        "bytes": 222
      },
      "output/actual/absolute-public-paths/subresources/scripts/with-both-LHA76WIR.js": {
        "imports": [],
        "exports": [],
        "cssBundle": "output/actual/absolute-public-paths/subresources/scripts/with-both-W6Q5EWTL.css",
        "inputs": {
          "input/stylesheets/from-js.css": {
            "bytesInOutput": 0
          },
          "input/scripts/sub.js": {
            "bytesInOutput": 58
          },
          "input/scripts/with-both.js": {
            "bytesInOutput": 48
          }
        },
        "bytes": 194
      },
      "output/actual/absolute-public-paths/subresources/scripts/with-both-W6Q5EWTL.css": {
        "imports": [
          {
            "path": "output/actual/absolute-public-paths/assets/images/from-js-css-QROD6PU2.gif",
            "kind": "url-token"
          }
        ],
        "inputs": {
          "input/stylesheets/from-js.css": {
            "bytesInOutput": 134
          }
        },
        "bytes": 170
      },
      "output/actual/absolute-public-paths/subresources/stylesheets/nested/nested-with-asset-3WFWCN7Q.css": {
        "imports": [
          {
            "path": "output/actual/absolute-public-paths/assets/images/from-html-css-QROD6PU2.gif",
            "kind": "url-token"
          }
        ],
        "inputs": {
          "input/stylesheets/nested/nested-with-asset.css": {
            "bytesInOutput": 127
          }
        },
        "bytes": 180
      },
      "output/actual/absolute-public-paths/subresources/stylesheets/with-asset-5YTDUGY7.css": {
        "imports": [
          {
            "path": "output/actual/absolute-public-paths/assets/images/from-html-css-QROD6PU2.gif",
            "kind": "url-token"
          }
        ],
        "inputs": {
          "input/stylesheets/with-asset.css": {
            "bytesInOutput": 126
          }
        },
        "bytes": 165
      }
    }
  }
}