<!doctype html><html><head></head><body>hello<link href="from-html-without-asset.css" rel="stylesheet"><link href="with-both.css" rel="stylesheet"><script src="with-both.js"></script>world</body></html>