{
  "errors": [],
  "warnings": [],
  "metafile": {
    "inputs": {
      "test/input/pages/splitting.html": {
        "bytes": 215,
        "imports": [
          {
            "path": "test/input/scripts/with-js.js",
            "kind": "import-statement",
            "original": "../scripts/with-js.js"
          },
          {
            "path": "test/input/scripts/with-js-2.js",
            "kind": "import-statement",
            "original": "../scripts/with-js-2.js"
          }
        ]
      },
      "test/input/pages/splitting2.html": {
        "bytes": 266,
        "imports": [
          {
            "path": "test/input/scripts/with-js.js",
            "kind": "import-statement",
            "original": "../scripts/with-js.js"
          },
          {
            "path": "test/input/scripts/with-js-2.js",
            "kind": "import-statement",
            "original": "../scripts/with-js-2.js"
          }
        ]
      },
      "test/input/pages/splitting3.html": {
        "bytes": 202,
        "imports": [
          {
            "path": "test/input/scripts/with-js.js",
            "kind": "import-statement",
            "original": "../scripts/with-js.js"
          },
          {
            "path": "test/input/scripts/with-both.js",
            "kind": "import-statement",
            "original": "../scripts/with-both.js"
          }
        ]
      },
      "test/input/images/from-js-css.gif": {
        "bytes": 12,
        "imports": []
      },
      "test/input/scripts/sub.js": {
        "bytes": 67,
        "imports": [],
        "format": "esm"
      },
      "test/input/scripts/with-both.js": {
        "bytes": 110,
        "imports": [
          {
            "path": "test/input/stylesheets/from-js.css",
            "kind": "import-statement",
            "original": "../stylesheets/from-js.css"
          },
          {
            "path": "test/input/scripts/sub.js",
            "kind": "import-statement",
            "original": "./sub.js"
          }
        ],
        "format": "esm"
      },
      "test/input/scripts/with-js-2.js": {
        "bytes": 73,
        "imports": [
          {
            "path": "test/input/scripts/sub.js",
            "kind": "import-statement",
            "original": "./sub.js"
          }
        ],
        "format": "esm"
      },
      "test/input/scripts/with-js.js": {
        "bytes": 71,
        "imports": [
          {
            "path": "test/input/scripts/sub.js",
            "kind": "import-statement",
            "original": "./sub.js"
          }
        ],
        "format": "esm"
      },
      "test/input/stylesheets/from-js.css": {
        "bytes": 98,
        "imports": [
          {
            "path": "test/input/images/from-js-css.gif",
            "kind": "url-token",
            "original": "../images/from-js-css.gif"
          }
        ]
      }
    },
    "outputs": {
      "test/output/actual/splitting/entries/pages/splitting.html": {
        "imports": [],
        "exports": [],
        "inputs": {
          "test/input/pages/splitting.html": {
            "bytesInOutput": 389
          }
        },
        "bytes": 389,
        "entryPoint": "test/input/pages/splitting.html"
      },
      "test/output/actual/splitting/entries/pages/splitting2.html": {
        "imports": [],
        "exports": [],
        "inputs": {
          "test/input/pages/splitting2.html": {
            "bytesInOutput": 529
          }
        },
        "bytes": 529,
        "entryPoint": "test/input/pages/splitting2.html"
      },
      "test/output/actual/splitting/entries/pages/splitting3.html": {
        "imports": [],
        "exports": [],
        "inputs": {
          "test/input/pages/splitting3.html": {
            "bytesInOutput": 525
          }
        },
        "bytes": 525,
        "entryPoint": "test/input/pages/splitting3.html"
      },
      "test/output/actual/splitting/assets/images/from-js-css-QROD6PU2.gif": {
        "imports": [],
        "exports": [],
        "inputs": {
          "test/input/images/from-js-css.gif": {
            "bytesInOutput": 12
          }
        },
        "bytes": 12
      },
      "test/output/actual/splitting/chunks/chunk-HVCVQQB4.js": {
        "imports": [],
        "exports": [
          "sub"
        ],
        "inputs": {
          "test/input/scripts/sub.js": {
            "bytesInOutput": 52
          }
        },
        "bytes": 100
      },
      "test/output/actual/splitting/subresources/scripts/with-both-BBPWIGRB.js": {
        "imports": [],
        "exports": [],
        "cssBundle": "test/output/actual/splitting/subresources/scripts/with-both-XJ66VXDU.css",
        "inputs": {
          "test/input/stylesheets/from-js.css": {
            "bytesInOutput": 0
          },
          "test/input/scripts/sub.js": {
            "bytesInOutput": 58
          },
          "test/input/scripts/with-both.js": {
            "bytesInOutput": 48
          }
        },
        "bytes": 204
      },
      "test/output/actual/splitting/subresources/scripts/with-both-XJ66VXDU.css": {
        "imports": [
          {
            "path": "test/output/actual/splitting/assets/images/from-js-css-QROD6PU2.gif",
            "kind": "url-token"
          }
        ],
        "inputs": {
          "test/input/stylesheets/from-js.css": {
            "bytesInOutput": 117
          }
        },
        "bytes": 158
      },
      "test/output/actual/splitting/subresources/scripts/with-js-2-3IUZUK6S.js": {
        "imports": [
          {
            "path": "test/output/actual/splitting/chunks/chunk-HVCVQQB4.js",
            "kind": "import-statement"
          }
        ],
        "exports": [],
        "inputs": {
          "test/input/scripts/with-js-2.js": {
            "bytesInOutput": 44
          }
        },
        "bytes": 136
      },
      "test/output/actual/splitting/subresources/scripts/with-js-6VJLAICU.js": {
        "imports": [],
        "exports": [],
        "inputs": {
          "test/input/scripts/sub.js": {
            "bytesInOutput": 58
          },
          "test/input/scripts/with-js.js": {
            "bytesInOutput": 46
          }
        },
        "bytes": 200
      },
      "test/output/actual/splitting/subresources/scripts/with-js-AKM6VWBG.js": {
        "imports": [
          {
            "path": "test/output/actual/splitting/chunks/chunk-HVCVQQB4.js",
            "kind": "import-statement"
          }
        ],
        "exports": [],
        "inputs": {
          "test/input/scripts/with-js.js": {
            "bytesInOutput": 42
          }
        },
        "bytes": 132
      }
    }
  }
}