<!doctype html>
<html>
  <head>
    <link rel="stylesheet" href="../../../subresources/stylesheets/nested/nested-with-asset-NFY7L5XW.css" integrity="sha256-187C4pidOXVdea71+AlCKDsBNc2vvbA/AhqSg1d30zg=">
    <link rel="stylesheet" href="../../../subresources/scripts/nested/nested-with-both-PPU33YHE.css" integrity="sha256-oFXbkrX6FUcOohIxlU93i7WHoqepX490tkVCBxivlNQ=">
    <script src="../../../subresources/scripts/nested/nested-with-both-QJNLCMES.js" integrity="sha256-Ph8uIU9q/UElgd+eNDUvCdfvf0RIKwwxjZ47iYzsM8Y="></script>

    <link rel="stylesheet" href="../../../subresources/stylesheets/with-asset-LEAA4KCL.css" integrity="sha256-dt9J9jIFnSSgeKOV9HGlARN3PQlYQg/daDHCSzgpTm0=">
    <link rel="stylesheet" href="../../../subresources/scripts/with-both-XJ66VXDU.css" integrity="sha256-cFQ5TlJzEjsf5F7xAiMDUFa09PUEKQ32GJKQvYeOXtA=">
    <script src="../../../subresources/scripts/with-both-BBPWIGRB.js" integrity="sha256-sPo5XZbMiXtQYJh3HbwZY9wwwz8QiZtZ2WguyAzUEdc="></script>
  </head>
  <body>
    Hello world
  </body>
</html>
