<!doctype html>
<html>
  <head>
    <script src="with-none.js" integrity="sha256-+dPC0eV1Ec5va3duW3YDzaN9ajrszkw+IjyZyuRozDw="></script>
  </head>
  <body>
    UTF-8: Ï€
    <br>
    ASCII: &pi;
  </body>
</html>
