<!doctype html>
<html>
  <head>
    <link
      rel="stylesheet"
      href="with-asset.css"
      integrity="sha256-xtyDM096nnCyd0CqLLPBEGjdjI9RxUOMqGIyGZS2sf4="
    />
    <link
      rel="stylesheet"
      href="with-both.css"
      integrity="sha256-rnIp5a5esnLgdb8FQcQee48ypZ7/6+ZXzWStGciR9vc="
    />
    <script
      src="with-both.js"
      integrity="sha256-MzUW1sJwlyBtIk98rBDTHTssdFEReYXuSr9AgqsoEq8="
    ></script>
  </head>
  <body>
    Hello world
  </body>
</html>
