{
  "errors": [],
  "warnings": [],
  "metafile": {
    "inputs": {
      "test/input/pages/dead-end.html": {
        "bytes": 203,
        "imports": [
          {
            "path": "test/input/stylesheets/with-none.css",
            "kind": "import-statement",
            "original": "../stylesheets/with-none.css"
          },
          {
            "path": "test/input/scripts/with-none.js",
            "kind": "import-statement",
            "original": "../scripts/with-none.js"
          }
        ]
      },
      "test/input/scripts/with-none.js": {
        "bytes": 37,
        "imports": [],
        "format": "esm"
      },
      "test/input/stylesheets/with-none.css": {
        "bytes": 37,
        "imports": []
      }
    },
    "outputs": {
      "test/output/actual/minified-output/dead-end.html": {
        "imports": [],
        "exports": [],
        "inputs": {
          "test/input/pages/dead-end.html": {
            "bytesInOutput": 273
          }
        },
        "bytes": 273,
        "entryPoint": "test/input/pages/dead-end.html"
      },
      "test/output/actual/minified-output/with-none.css": {
        "imports": [],
        "inputs": {
          "test/input/stylesheets/with-none.css": {
            "bytesInOutput": 29
          }
        },
        "bytes": 30
      },
      "test/output/actual/minified-output/with-none.js": {
        "imports": [],
        "exports": [],
        "inputs": {
          "test/input/scripts/with-none.js": {
            "bytesInOutput": 36
          }
        },
        "bytes": 61
      }
    }
  }
}