{
  "errors": [],
  "warnings": [],
  "metafile": {
    "inputs": {
      "html-entry:test/input/pages/elements-script-type-module.html": {
        "bytes": 170,
        "imports": [
          {
            "path": "test/input/scripts/with-js.js",
            "kind": "import-statement",
            "original": "../scripts/with-js.js"
          }
        ]
      },
      "test/input/scripts/sub.js": {
        "bytes": 67,
        "imports": [],
        "format": "esm"
      },
      "test/input/scripts/with-js.js": {
        "bytes": 71,
        "imports": [
          {
            "path": "test/input/scripts/sub.js",
            "kind": "import-statement",
            "original": "./sub.js"
          }
        ],
        "format": "esm"
      }
    },
    "outputs": {
      "test/output/actual/elements/script/type-module/elements-script-type-module.html": {
        "imports": [],
        "exports": [],
        "inputs": {
          "html-entry:test/input/pages/elements-script-type-module.html": {
            "bytesInOutput": 159
          }
        },
        "bytes": 159,
        "entryPoint": "html-entry:test/input/pages/elements-script-type-module.html"
      },
      "test/output/actual/elements/script/type-module/with-js.js": {
        "imports": [],
        "exports": [],
        "inputs": {
          "test/input/scripts/sub.js": {
            "bytesInOutput": 52
          },
          "test/input/scripts/with-js.js": {
            "bytesInOutput": 42
          }
        },
        "bytes": 157
      }
    }
  }
}