<!DOCTYPE html><html><head>
    <link rel="stylesheet" href="../../subresources/stylesheets/with-asset-LEAA4KCL.css" integrity="sha256-dt9J9jIFnSSgeKOV9HGlARN3PQlYQg/daDHCSzgpTm0=">
    <link rel="stylesheet" href="../../subresources/scripts/with-both-XJ66VXDU.css" integrity="sha256-cFQ5TlJzEjsf5F7xAiMDUFa09PUEKQ32GJKQvYeOXtA=">
    <script src="../../subresources/scripts/with-both-BBPWIGRB.js" integrity="sha256-sPo5XZbMiXtQYJh3HbwZY9wwwz8QiZtZ2WguyAzUEdc="></script>
  </head>
  <body>
    Hello world
  

</body></html>